ARM Linker, 5.03 [Build 76] [MDK-ARM Lite]

==============================================================================

Section Cross References

    startup.o(STACK) refers (Special) to heapauxi.o(.text) for __use_two_region_memory
    startup.o(HEAP) refers (Special) to heapauxi.o(.text) for __use_two_region_memory
    startup.o(RESET) refers (Special) to heapauxi.o(.text) for __use_two_region_memory
    startup.o(RESET) refers to startup.o(STACK) for Stack_Top
    startup.o(RESET) refers to __main.o(!!!main) for __main
    startup.o(.text) refers (Special) to heapauxi.o(.text) for __use_two_region_memory
    startup.o(.text) refers to startup.o(HEAP) for Heap_Mem
    startup.o(.text) refers to startup.o(STACK) for Stack_Mem
    main.o(.text) refers to pll.o(.text) for pll_init
    main.o(.text) refers to main.o(.data) for col_val1ye
    __main.o(!!!main) refers to rtentry.o(.ARM.Collect$$rtentry$$00000000) for __rt_entry
    rtentry.o(.ARM.Collect$$rtentry$$00000000) refers (Special) to rtentry2.o(.ARM.Collect$$rtentry$$0000000A) for __rt_entry_li
    rtentry.o(.ARM.Collect$$rtentry$$00000000) refers (Special) to rtentry2.o(.ARM.Collect$$rtentry$$0000000D) for __rt_entry_main
    rtentry.o(.ARM.Collect$$rtentry$$00000000) refers (Special) to rtentry2.o(.ARM.Collect$$rtentry$$0000000C) for __rt_entry_postli_1
    rtentry.o(.ARM.Collect$$rtentry$$00000000) refers (Special) to rtentry2.o(.ARM.Collect$$rtentry$$00000009) for __rt_entry_postsh_1
    rtentry.o(.ARM.Collect$$rtentry$$00000000) refers (Special) to rtentry2.o(.ARM.Collect$$rtentry$$00000002) for __rt_entry_presh_1
    rtentry.o(.ARM.Collect$$rtentry$$00000000) refers (Special) to rtentry4.o(.ARM.Collect$$rtentry$$00000004) for __rt_entry_sh
    rtentry2.o(.ARM.Collect$$rtentry$$00000008) refers to boardinit2.o(.text) for _platform_post_stackheap_init
    rtentry2.o(.ARM.Collect$$rtentry$$0000000A) refers to libinit.o(.ARM.Collect$$libinit$$00000000) for __rt_lib_init
    rtentry2.o(.ARM.Collect$$rtentry$$0000000B) refers to boardinit3.o(.text) for _platform_post_lib_init
    rtentry2.o(.ARM.Collect$$rtentry$$0000000D) refers to exit.o(.text) for exit
    rtentry2.o(.ARM.Collect$$rtentry$$0000000D) refers to main.o(.text) for main
    rtentry2.o(.ARM.exidx) refers to rtentry2.o(.ARM.Collect$$rtentry$$00000001) for .ARM.Collect$$rtentry$$00000001
    rtentry2.o(.ARM.exidx) refers to rtentry2.o(.ARM.Collect$$rtentry$$00000008) for .ARM.Collect$$rtentry$$00000008
    rtentry2.o(.ARM.exidx) refers to rtentry2.o(.ARM.Collect$$rtentry$$0000000A) for .ARM.Collect$$rtentry$$0000000A
    rtentry2.o(.ARM.exidx) refers to rtentry2.o(.ARM.Collect$$rtentry$$0000000B) for .ARM.Collect$$rtentry$$0000000B
    rtentry2.o(.ARM.exidx) refers to rtentry2.o(.ARM.Collect$$rtentry$$0000000D) for .ARM.Collect$$rtentry$$0000000D
    rtentry4.o(.ARM.Collect$$rtentry$$00000004) refers to sys_stackheap_outer.o(.text) for __user_setup_stackheap
    rtentry4.o(.ARM.exidx) refers to rtentry4.o(.ARM.Collect$$rtentry$$00000004) for .ARM.Collect$$rtentry$$00000004
    sys_stackheap_outer.o(.text) refers to libspace.o(.text) for __user_perproc_libspace
    sys_stackheap_outer.o(.text) refers to startup.o(.text) for __user_initial_stackheap
    exit.o(.text) refers to rtexit.o(.ARM.Collect$$rtexit$$00000000) for __rt_exit
    libinit.o(.ARM.Collect$$libinit$$00000000) refers (Special) to libinit2.o(.ARM.Collect$$libinit$$0000002C) for __rt_lib_init_alloca_1
    libinit.o(.ARM.Collect$$libinit$$00000000) refers (Special) to libinit2.o(.ARM.Collect$$libinit$$0000002A) for __rt_lib_init_argv_1
    libinit.o(.ARM.Collect$$libinit$$00000000) refers (Special) to libinit2.o(.ARM.Collect$$libinit$$00000019) for __rt_lib_init_atexit_1
    libinit.o(.ARM.Collect$$libinit$$00000000) refers (Special) to libinit2.o(.ARM.Collect$$libinit$$0000001F) for __rt_lib_init_clock_1
    libinit.o(.ARM.Collect$$libinit$$00000000) refers (Special) to libinit2.o(.ARM.Collect$$libinit$$00000030) for __rt_lib_init_cpp_1
    libinit.o(.ARM.Collect$$libinit$$00000000) refers (Special) to libinit2.o(.ARM.Collect$$libinit$$0000002E) for __rt_lib_init_exceptions_1
    libinit.o(.ARM.Collect$$libinit$$00000000) refers (Special) to libinit2.o(.ARM.Collect$$libinit$$00000002) for __rt_lib_init_fp_1
    libinit.o(.ARM.Collect$$libinit$$00000000) refers (Special) to libinit2.o(.ARM.Collect$$libinit$$0000001D) for __rt_lib_init_fp_trap_1
    libinit.o(.ARM.Collect$$libinit$$00000000) refers (Special) to libinit2.o(.ARM.Collect$$libinit$$00000021) for __rt_lib_init_getenv_1
    libinit.o(.ARM.Collect$$libinit$$00000000) refers (Special) to libinit2.o(.ARM.Collect$$libinit$$00000008) for __rt_lib_init_heap_1
    libinit.o(.ARM.Collect$$libinit$$00000000) refers (Special) to libinit2.o(.ARM.Collect$$libinit$$0000000F) for __rt_lib_init_lc_collate_1
    libinit.o(.ARM.Collect$$libinit$$00000000) refers (Special) to libinit2.o(.ARM.Collect$$libinit$$00000011) for __rt_lib_init_lc_ctype_1
    libinit.o(.ARM.Collect$$libinit$$00000000) refers (Special) to libinit2.o(.ARM.Collect$$libinit$$00000013) for __rt_lib_init_lc_monetary_1
    libinit.o(.ARM.Collect$$libinit$$00000000) refers (Special) to libinit2.o(.ARM.Collect$$libinit$$00000015) for __rt_lib_init_lc_numeric_1
    libinit.o(.ARM.Collect$$libinit$$00000000) refers (Special) to libinit2.o(.ARM.Collect$$libinit$$00000017) for __rt_lib_init_lc_time_1
    libinit.o(.ARM.Collect$$libinit$$00000000) refers (Special) to libinit2.o(.ARM.Collect$$libinit$$0000000C) for __rt_lib_init_rand_1
    libinit.o(.ARM.Collect$$libinit$$00000000) refers (Special) to libinit2.o(.ARM.Collect$$libinit$$00000031) for __rt_lib_init_return
    libinit.o(.ARM.Collect$$libinit$$00000000) refers (Special) to libinit2.o(.ARM.Collect$$libinit$$0000001B) for __rt_lib_init_signal_1
    libinit.o(.ARM.Collect$$libinit$$00000000) refers (Special) to libinit2.o(.ARM.Collect$$libinit$$00000023) for __rt_lib_init_stdio_1
    libinit.o(.ARM.Collect$$libinit$$00000000) refers (Special) to libinit2.o(.ARM.Collect$$libinit$$0000000A) for __rt_lib_init_user_alloc_1
    libspace.o(.text) refers to libspace.o(.bss) for __libspace_start
    rtexit.o(.ARM.Collect$$rtexit$$00000000) refers (Special) to rtexit2.o(.ARM.Collect$$rtexit$$00000004) for __rt_exit_exit
    rtexit.o(.ARM.Collect$$rtexit$$00000000) refers (Special) to rtexit2.o(.ARM.Collect$$rtexit$$00000003) for __rt_exit_ls
    rtexit.o(.ARM.Collect$$rtexit$$00000000) refers (Special) to rtexit2.o(.ARM.Collect$$rtexit$$00000002) for __rt_exit_prels_1
    rtexit.o(.ARM.exidx) refers (Special) to rtexit2.o(.ARM.Collect$$rtexit$$00000004) for __rt_exit_exit
    rtexit.o(.ARM.exidx) refers (Special) to rtexit2.o(.ARM.Collect$$rtexit$$00000003) for __rt_exit_ls
    rtexit.o(.ARM.exidx) refers (Special) to rtexit2.o(.ARM.Collect$$rtexit$$00000002) for __rt_exit_prels_1
    rtexit.o(.ARM.exidx) refers to rtexit.o(.ARM.Collect$$rtexit$$00000000) for .ARM.Collect$$rtexit$$00000000
    libinit2.o(.ARM.Collect$$libinit$$00000001) refers to fpinit.o(x$fpl$fpinit) for _fp_init
    libinit2.o(.ARM.Collect$$libinit$$0000000E) refers to libinit2.o(.ARM.Collect$$libinit$$0000000D) for .ARM.Collect$$libinit$$0000000D
    libinit2.o(.ARM.Collect$$libinit$$00000010) refers to libinit2.o(.ARM.Collect$$libinit$$0000000D) for .ARM.Collect$$libinit$$0000000D
    libinit2.o(.ARM.Collect$$libinit$$00000012) refers to libinit2.o(.ARM.Collect$$libinit$$0000000D) for .ARM.Collect$$libinit$$0000000D
    libinit2.o(.ARM.Collect$$libinit$$00000014) refers to libinit2.o(.ARM.Collect$$libinit$$0000000D) for .ARM.Collect$$libinit$$0000000D
    libinit2.o(.ARM.Collect$$libinit$$00000016) refers to libinit2.o(.ARM.Collect$$libinit$$0000000D) for .ARM.Collect$$libinit$$0000000D
    libinit2.o(.ARM.Collect$$libinit$$00000024) refers to argv_veneer.o(.emb_text) for __ARM_argv_veneer
    libinit2.o(.ARM.Collect$$libinit$$00000025) refers to argv_veneer.o(.emb_text) for __ARM_argv_veneer
    rtexit2.o(.ARM.Collect$$rtexit$$00000003) refers to libshutdown.o(.ARM.Collect$$libshutdown$$00000000) for __rt_lib_shutdown
    rtexit2.o(.ARM.Collect$$rtexit$$00000004) refers to sys_exit.o(.text) for _sys_exit
    rtexit2.o(.ARM.exidx) refers to rtexit2.o(.ARM.Collect$$rtexit$$00000001) for .ARM.Collect$$rtexit$$00000001
    rtexit2.o(.ARM.exidx) refers to rtexit2.o(.ARM.Collect$$rtexit$$00000003) for .ARM.Collect$$rtexit$$00000003
    rtexit2.o(.ARM.exidx) refers to rtexit2.o(.ARM.Collect$$rtexit$$00000004) for .ARM.Collect$$rtexit$$00000004
    argv_veneer.o(.emb_text) refers to no_argv.o(.text) for __ARM_get_argv
    sys_exit.o(.text) refers (Special) to use_no_semi.o(.text) for __I$use$semihosting
    sys_exit.o(.text) refers (Special) to indicate_semi.o(.text) for __semihosting_library_function
    _get_argv_nomalloc.o(.text) refers (Special) to hrguard.o(.text) for __heap_region$guard
    _get_argv_nomalloc.o(.text) refers to defsig_rtmem_outer.o(.text) for __rt_SIGRTMEM
    _get_argv_nomalloc.o(.text) refers to sys_command.o(.text) for _sys_command_string
    libshutdown.o(.ARM.Collect$$libshutdown$$00000000) refers (Special) to libshutdown2.o(.ARM.Collect$$libshutdown$$00000006) for __rt_lib_shutdown_fp_trap_1
    libshutdown.o(.ARM.Collect$$libshutdown$$00000000) refers (Special) to libshutdown2.o(.ARM.Collect$$libshutdown$$0000000E) for __rt_lib_shutdown_heap_1
    libshutdown.o(.ARM.Collect$$libshutdown$$00000000) refers (Special) to libshutdown2.o(.ARM.Collect$$libshutdown$$0000000F) for __rt_lib_shutdown_return
    libshutdown.o(.ARM.Collect$$libshutdown$$00000000) refers (Special) to libshutdown2.o(.ARM.Collect$$libshutdown$$00000009) for __rt_lib_shutdown_signal_1
    libshutdown.o(.ARM.Collect$$libshutdown$$00000000) refers (Special) to libshutdown2.o(.ARM.Collect$$libshutdown$$00000003) for __rt_lib_shutdown_stdio_1
    libshutdown.o(.ARM.Collect$$libshutdown$$00000000) refers (Special) to libshutdown2.o(.ARM.Collect$$libshutdown$$0000000B) for __rt_lib_shutdown_user_alloc_1
    sys_command.o(.text) refers (Special) to use_no_semi.o(.text) for __I$use$semihosting
    sys_command.o(.text) refers (Special) to indicate_semi.o(.text) for __semihosting_library_function
    defsig_rtmem_outer.o(.text) refers to defsig_rtmem_inner.o(.text) for __rt_SIGRTMEM_inner
    defsig_rtmem_outer.o(.text) refers to defsig_exit.o(.text) for __sig_exit
    defsig_rtmem_formal.o(.text) refers to rt_raise.o(.text) for __rt_raise
    rt_raise.o(.text) refers to __raise.o(.text) for __raise
    rt_raise.o(.text) refers to sys_exit.o(.text) for _sys_exit
    defsig_exit.o(.text) refers to sys_exit.o(.text) for _sys_exit
    defsig_rtmem_inner.o(.text) refers to defsig_general.o(.text) for __default_signal_display
    __raise.o(.text) refers to __raise.o(i.__ARM_common_call_via_r2) for __ARM_common_call_via_r2
    __raise.o(.text) refers to defsig.o(CL$$defsig) for __default_signal_handler
    defsig_general.o(.text) refers to sys_wrch.o(.text) for _ttywrch
    sys_wrch.o(.text) refers (Special) to use_no_semi.o(.text) for __I$use$semihosting
    sys_wrch.o(.text) refers (Special) to indicate_semi.o(.text) for __semihosting_library_function
    defsig.o(CL$$defsig) refers to defsig_rtmem_inner.o(.text) for __rt_SIGRTMEM_inner
    defsig_abrt_inner.o(.text) refers to defsig_general.o(.text) for __default_signal_display
    defsig_fpe_inner.o(.text) refers to defsig_general.o(.text) for __default_signal_display
    defsig_rtred_inner.o(.text) refers to defsig_general.o(.text) for __default_signal_display
    defsig_stak_inner.o(.text) refers to defsig_general.o(.text) for __default_signal_display
    defsig_pvfn_inner.o(.text) refers to defsig_general.o(.text) for __default_signal_display
    defsig_cppl_inner.o(.text) refers to defsig_general.o(.text) for __default_signal_display
    defsig_segv_inner.o(.text) refers to defsig_general.o(.text) for __default_signal_display
    defsig_other.o(.text) refers to defsig_general.o(.text) for __default_signal_display


==============================================================================

Removing Unused input sections from the image.

    Removing startup.o(RESET), (272 bytes).

1 unused section(s) (total 272 bytes) removed from the image.

==============================================================================

Adding Veneers to the image

    Adding AT veneer (8 bytes, Inline) for call to '__rt_lib_init' from rtentry2.o(.ARM.Collect$$rtentry$$0000000A).
    Adding AT veneer (8 bytes, Inline) for call to '__rt_lib_shutdown' from rtexit2.o(.ARM.Collect$$rtexit$$00000003).
    Adding TA veneer (4 bytes, Inline) for call to '__rt_exit' from exit.o(.text).
    Adding AT veneer (8 bytes, Inline) for call to '_sys_exit' from rtexit2.o(.ARM.Collect$$rtexit$$00000004).

4 Veneer(s) (total 28 bytes) added to the image.

==============================================================================

Image Symbol Table

    Local Symbols

    Symbol Name                              Value     Ov Type        Size  Object(Section)

    !!!main                                  0x00000000   Section        8  __main.o(!!!main)
    ../clib/angel/boardlib.s                 0x00000000   Number         0  boardinit2.o ABSOLUTE
    ../clib/angel/boardlib.s                 0x00000000   Number         0  boardinit3.o ABSOLUTE
    ../clib/angel/boardlib.s                 0x00000000   Number         0  boardinit1.o ABSOLUTE
    ../clib/angel/boardlib.s                 0x00000000   Number         0  boardshut.o ABSOLUTE
    ../clib/angel/dczerorl2.s                0x00000000   Number         0  __dczerorl2.o ABSOLUTE
    ../clib/angel/handlers.s                 0x00000000   Number         0  __scatter_zi.o ABSOLUTE
    ../clib/angel/kernel.s                   0x00000000   Number         0  rtentry2.o ABSOLUTE
    ../clib/angel/kernel.s                   0x00000000   Number         0  rtentry4.o ABSOLUTE
    ../clib/angel/kernel.s                   0x00000000   Number         0  rtexit.o ABSOLUTE
    ../clib/angel/kernel.s                   0x00000000   Number         0  rtexit2.o ABSOLUTE
    ../clib/angel/kernel.s                   0x00000000   Number         0  rtentry.o ABSOLUTE
    ../clib/angel/rt.s                       0x00000000   Number         0  rt_raise.o ABSOLUTE
    ../clib/angel/scatter.s                  0x00000000   Number         0  __scatter.o ABSOLUTE
    ../clib/angel/startup.s                  0x00000000   Number         0  __main.o ABSOLUTE
    ../clib/angel/sys.s                      0x00000000   Number         0  use_no_semi.o ABSOLUTE
    ../clib/angel/sys.s                      0x00000000   Number         0  indicate_semi.o ABSOLUTE
    ../clib/angel/sys.s                      0x00000000   Number         0  sys_stackheap_outer.o ABSOLUTE
    ../clib/angel/sys.s                      0x00000000   Number         0  libspace.o ABSOLUTE
    ../clib/angel/sysapp.c                   0x00000000   Number         0  sys_wrch.o ABSOLUTE
    ../clib/angel/sysapp.c                   0x00000000   Number         0  sys_exit.o ABSOLUTE
    ../clib/angel/sysapp.c                   0x00000000   Number         0  sys_command.o ABSOLUTE
    ../clib/armsys.c                         0x00000000   Number         0  argv_veneer.o ABSOLUTE
    ../clib/armsys.c                         0x00000000   Number         0  argv_veneer.o ABSOLUTE
    ../clib/armsys.c                         0x00000000   Number         0  _get_argv_nomalloc.o ABSOLUTE
    ../clib/armsys.c                         0x00000000   Number         0  no_argv.o ABSOLUTE
    ../clib/heapalloc.c                      0x00000000   Number         0  hrguard.o ABSOLUTE
    ../clib/heapaux.c                        0x00000000   Number         0  heapauxi.o ABSOLUTE
    ../clib/libinit.s                        0x00000000   Number         0  libshutdown.o ABSOLUTE
    ../clib/libinit.s                        0x00000000   Number         0  libinit.o ABSOLUTE
    ../clib/libinit.s                        0x00000000   Number         0  libinit2.o ABSOLUTE
    ../clib/libinit.s                        0x00000000   Number         0  libshutdown2.o ABSOLUTE
    ../clib/signal.c                         0x00000000   Number         0  defsig_stak_inner.o ABSOLUTE
    ../clib/signal.c                         0x00000000   Number         0  defsig_pvfn_inner.o ABSOLUTE
    ../clib/signal.c                         0x00000000   Number         0  defsig_cppl_inner.o ABSOLUTE
    ../clib/signal.c                         0x00000000   Number         0  defsig_segv_inner.o ABSOLUTE
    ../clib/signal.c                         0x00000000   Number         0  defsig_fpe_inner.o ABSOLUTE
    ../clib/signal.c                         0x00000000   Number         0  defsig_general.o ABSOLUTE
    ../clib/signal.c                         0x00000000   Number         0  __raise.o ABSOLUTE
    ../clib/signal.c                         0x00000000   Number         0  defsig_rtmem_inner.o ABSOLUTE
    ../clib/signal.c                         0x00000000   Number         0  defsig_abrt_inner.o ABSOLUTE
    ../clib/signal.c                         0x00000000   Number         0  defsig_exit.o ABSOLUTE
    ../clib/signal.c                         0x00000000   Number         0  defsig_rtred_inner.o ABSOLUTE
    ../clib/signal.c                         0x00000000   Number         0  defsig_other.o ABSOLUTE
    ../clib/signal.c                         0x00000000   Number         0  defsig_rtmem_formal.o ABSOLUTE
    ../clib/signal.c                         0x00000000   Number         0  defsig_rtmem_outer.o ABSOLUTE
    ../clib/signal.s                         0x00000000   Number         0  defsig.o ABSOLUTE
    ../clib/stdlib.c                         0x00000000   Number         0  exit.o ABSOLUTE
    ../fplib/fpinit.s                        0x00000000   Number         0  fpinit.o ABSOLUTE
    Startup.s                                0x00000000   Number         0  startup.o ABSOLUTE
    dc.s                                     0x00000000   Number         0  dc.o ABSOLUTE
    main.c                                   0x00000000   Number         0  main.o ABSOLUTE
    pll.c                                    0x00000000   Number         0  pll.o ABSOLUTE
    !!!scatter                               0x00000008   Section       60  __scatter.o(!!!scatter)
    !!dczerorl2                              0x00000044   Section       92  __dczerorl2.o(!!dczerorl2)
    _decompress_loop                         0x0000004f   Thumb Code     0  __dczerorl2.o(!!dczerorl2)
    _decompress_zerolen                      0x0000005d   Thumb Code     0  __dczerorl2.o(!!dczerorl2)
    _decompress_litn                         0x00000065   Thumb Code     0  __dczerorl2.o(!!dczerorl2)
    _decompress_lit                          0x00000069   Thumb Code     0  __dczerorl2.o(!!dczerorl2)
    _decompress_copyorzero                   0x00000075   Thumb Code     0  __dczerorl2.o(!!dczerorl2)
    _decompress_zero                         0x0000007d   Thumb Code     0  __dczerorl2.o(!!dczerorl2)
    _decompress_copyn                        0x00000087   Thumb Code     0  __dczerorl2.o(!!dczerorl2)
    _decompress_copy                         0x0000008f   Thumb Code     0  __dczerorl2.o(!!dczerorl2)
    _decompress_end                          0x0000009b   Thumb Code     0  __dczerorl2.o(!!dczerorl2)
    !!handler_zi                             0x000000a0   Section       44  __scatter_zi.o(!!handler_zi)
    .ARM.Collect$$libinit$$00000000          0x000000d4   Section        2  libinit.o(.ARM.Collect$$libinit$$00000000)
    .ARM.Collect$$libinit$$00000002          0x000000d6   Section        0  libinit2.o(.ARM.Collect$$libinit$$00000002)
    .ARM.Collect$$libinit$$00000008          0x000000d6   Section        0  libinit2.o(.ARM.Collect$$libinit$$00000008)
    .ARM.Collect$$libinit$$0000000A          0x000000d6   Section        0  libinit2.o(.ARM.Collect$$libinit$$0000000A)
    .ARM.Collect$$libinit$$0000000C          0x000000d6   Section        0  libinit2.o(.ARM.Collect$$libinit$$0000000C)
    .ARM.Collect$$libinit$$0000000F          0x000000d6   Section        0  libinit2.o(.ARM.Collect$$libinit$$0000000F)
    .ARM.Collect$$libinit$$00000011          0x000000d6   Section        0  libinit2.o(.ARM.Collect$$libinit$$00000011)
    .ARM.Collect$$libinit$$00000013          0x000000d6   Section        0  libinit2.o(.ARM.Collect$$libinit$$00000013)
    .ARM.Collect$$libinit$$00000015          0x000000d6   Section        0  libinit2.o(.ARM.Collect$$libinit$$00000015)
    .ARM.Collect$$libinit$$00000017          0x000000d6   Section        0  libinit2.o(.ARM.Collect$$libinit$$00000017)
    .ARM.Collect$$libinit$$00000019          0x000000d6   Section        0  libinit2.o(.ARM.Collect$$libinit$$00000019)
    .ARM.Collect$$libinit$$0000001B          0x000000d6   Section        0  libinit2.o(.ARM.Collect$$libinit$$0000001B)
    .ARM.Collect$$libinit$$0000001D          0x000000d6   Section        0  libinit2.o(.ARM.Collect$$libinit$$0000001D)
    .ARM.Collect$$libinit$$0000001F          0x000000d6   Section        0  libinit2.o(.ARM.Collect$$libinit$$0000001F)
    .ARM.Collect$$libinit$$00000021          0x000000d6   Section        0  libinit2.o(.ARM.Collect$$libinit$$00000021)
    .ARM.Collect$$libinit$$00000023          0x000000d6   Section        0  libinit2.o(.ARM.Collect$$libinit$$00000023)
    .ARM.Collect$$libinit$$0000002A          0x000000d6   Section        0  libinit2.o(.ARM.Collect$$libinit$$0000002A)
    .ARM.Collect$$libinit$$0000002C          0x000000d6   Section        0  libinit2.o(.ARM.Collect$$libinit$$0000002C)
    .ARM.Collect$$libinit$$0000002E          0x000000d6   Section        0  libinit2.o(.ARM.Collect$$libinit$$0000002E)
    .ARM.Collect$$libinit$$00000030          0x000000d6   Section        0  libinit2.o(.ARM.Collect$$libinit$$00000030)
    .ARM.Collect$$libinit$$00000031          0x000000d6   Section       12  libinit2.o(.ARM.Collect$$libinit$$00000031)
    .ARM.Collect$$libshutdown$$00000000      0x000000ec   Section        4  libshutdown.o(.ARM.Collect$$libshutdown$$00000000)
    .ARM.Collect$$libshutdown$$00000003      0x000000f0   Section        0  libshutdown2.o(.ARM.Collect$$libshutdown$$00000003)
    .ARM.Collect$$libshutdown$$00000006      0x000000f0   Section        0  libshutdown2.o(.ARM.Collect$$libshutdown$$00000006)
    .ARM.Collect$$libshutdown$$00000009      0x000000f0   Section        0  libshutdown2.o(.ARM.Collect$$libshutdown$$00000009)
    .ARM.Collect$$libshutdown$$0000000B      0x000000f0   Section        0  libshutdown2.o(.ARM.Collect$$libshutdown$$0000000B)
    .ARM.Collect$$libshutdown$$0000000E      0x000000f0   Section        0  libshutdown2.o(.ARM.Collect$$libshutdown$$0000000E)
    .ARM.Collect$$libshutdown$$0000000F      0x000000f0   Section        6  libshutdown2.o(.ARM.Collect$$libshutdown$$0000000F)
    .ARM.Collect$$rtentry$$00000000          0x000000f8   Section        0  rtentry.o(.ARM.Collect$$rtentry$$00000000)
    .ARM.Collect$$rtentry$$00000002          0x000000f8   Section        0  rtentry2.o(.ARM.Collect$$rtentry$$00000002)
    .ARM.Collect$$rtentry$$00000004          0x000000f8   Section        8  rtentry4.o(.ARM.Collect$$rtentry$$00000004)
    .ARM.Collect$$rtentry$$00000009          0x00000100   Section        0  rtentry2.o(.ARM.Collect$$rtentry$$00000009)
    .ARM.Collect$$rtentry$$0000000A          0x00000100   Section        4  rtentry2.o(.ARM.Collect$$rtentry$$0000000A)
    .ARM.Collect$$rtentry$$0000000C          0x00000104   Section        0  rtentry2.o(.ARM.Collect$$rtentry$$0000000C)
    .ARM.Collect$$rtentry$$0000000D          0x00000104   Section       40  rtentry2.o(.ARM.Collect$$rtentry$$0000000D)
    .ARM.Collect$$rtexit$$00000000           0x00000130   Section        4  rtexit.o(.ARM.Collect$$rtexit$$00000000)
    .ARM.Collect$$rtexit$$00000002           0x00000134   Section        0  rtexit2.o(.ARM.Collect$$rtexit$$00000002)
    .ARM.Collect$$rtexit$$00000003           0x00000134   Section        4  rtexit2.o(.ARM.Collect$$rtexit$$00000003)
    .ARM.Collect$$rtexit$$00000004           0x00000138   Section        8  rtexit2.o(.ARM.Collect$$rtexit$$00000004)
    .text                                    0x00000140   Section       32  startup.o(.text)
    .text                                    0x00000160   Section        0  main.o(.text)
    .text                                    0x00000c30   Section        0  pll.o(.text)
    .text                                    0x00000c8c   Section        0  heapauxi.o(.text)
    .text                                    0x00000c94   Section       96  sys_stackheap_outer.o(.text)
    .text                                    0x00000cf4   Section        0  exit.o(.text)
    .text                                    0x00000d00   Section       12  libspace.o(.text)
    .text                                    0x00000d14   Section        0  sys_exit.o(.text)
    .text                                    0x00000d20   Section        4  use_no_semi.o(.text)
    .text                                    0x00000d24   Section        0  indicate_semi.o(.text)
    .data                                    0x40000000   Section     8104  main.o(.data)
    .bss                                     0x40001fa8   Section       96  libspace.o(.bss)
    HEAP                                     0x40002008   Section        0  startup.o(HEAP)
    STACK                                    0x40002008   Section     1160  startup.o(STACK)
    Heap_Mem                                 0x40002008   Data           0  startup.o(HEAP)
    Stack_Mem                                0x40002008   Data        1024  startup.o(STACK)
    Stack_Top                                0x40002490   Data           0  startup.o(STACK)

    Global Symbols

    Symbol Name                              Value     Ov Type        Size  Object(Section)

    BuildAttributes$$THM_ISAv1$ARM_ISAv4$S$PE$A:L22$X:L11$S22$IEEE1$IW$USESV6$~STKCKD$USESV7$~SHL$OSPACE$ROPI$EBA8$UX$STANDARDLIB$REQ8$PRES8$EABIv2 0x00000000   Number         0  anon$$obj.o ABSOLUTE
    __ARM_use_no_argv                        0x00000000   Number         0  main.o ABSOLUTE
    __main                                   0x00000000   ARM Code       8  __main.o(!!!main)
    __ARM_exceptions_init                     - Undefined Weak Reference
    __alloca_initialize                       - Undefined Weak Reference
    __cpp_initialize__aeabi_                  - Undefined Weak Reference
    __cxa_finalize                            - Undefined Weak Reference
    __rt_locale                               - Undefined Weak Reference
    __sigvec_lookup                           - Undefined Weak Reference
    _atexit_init                              - Undefined Weak Reference
    _call_atexit_fns                          - Undefined Weak Reference
    _clock_init                               - Undefined Weak Reference
    _fp_trap_init                             - Undefined Weak Reference
    _fp_trap_shutdown                         - Undefined Weak Reference
    _get_lc_collate                           - Undefined Weak Reference
    _get_lc_ctype                             - Undefined Weak Reference
    _get_lc_monetary                          - Undefined Weak Reference
    _get_lc_numeric                           - Undefined Weak Reference
    _get_lc_time                              - Undefined Weak Reference
    _getenv_init                              - Undefined Weak Reference
    _handle_redirection                       - Undefined Weak Reference
    _init_alloc                               - Undefined Weak Reference
    _init_user_alloc                          - Undefined Weak Reference
    _initio                                   - Undefined Weak Reference
    _rand_init                                - Undefined Weak Reference
    _signal_finish                            - Undefined Weak Reference
    _signal_init                              - Undefined Weak Reference
    _terminate_alloc                          - Undefined Weak Reference
    _terminate_user_alloc                     - Undefined Weak Reference
    _terminateio                              - Undefined Weak Reference
    __scatterload                            0x00000008   ARM Code       0  __scatter.o(!!!scatter)
    __scatterload_rt2                        0x00000008   ARM Code      52  __scatter.o(!!!scatter)
    __scatterload_null                       0x0000001c   ARM Code       0  __scatter.o(!!!scatter)
    __decompress                             0x00000044   ARM Code      92  __dczerorl2.o(!!dczerorl2)
    __decompress1                            0x00000044   ARM Code       0  __dczerorl2.o(!!dczerorl2)
    __scatterload_zeroinit                   0x000000a0   ARM Code      44  __scatter_zi.o(!!handler_zi)
    Inline ARM to Thumb Veneer to __rt_lib_init 0x000000cc   ARM Code       8  libinit.o(.ARM.Collect$$libinit$$00000000)
    __rt_lib_init                            0x000000d5   Thumb Code     0  libinit.o(.ARM.Collect$$libinit$$00000000)
    __rt_lib_init_alloca_1                   0x000000d7   Thumb Code     0  libinit2.o(.ARM.Collect$$libinit$$0000002C)
    __rt_lib_init_argv_1                     0x000000d7   Thumb Code     0  libinit2.o(.ARM.Collect$$libinit$$0000002A)
    __rt_lib_init_atexit_1                   0x000000d7   Thumb Code     0  libinit2.o(.ARM.Collect$$libinit$$00000019)
    __rt_lib_init_clock_1                    0x000000d7   Thumb Code     0  libinit2.o(.ARM.Collect$$libinit$$0000001F)
    __rt_lib_init_cpp_1                      0x000000d7   Thumb Code     0  libinit2.o(.ARM.Collect$$libinit$$00000030)
    __rt_lib_init_exceptions_1               0x000000d7   Thumb Code     0  libinit2.o(.ARM.Collect$$libinit$$0000002E)
    __rt_lib_init_fp_1                       0x000000d7   Thumb Code     0  libinit2.o(.ARM.Collect$$libinit$$00000002)
    __rt_lib_init_fp_trap_1                  0x000000d7   Thumb Code     0  libinit2.o(.ARM.Collect$$libinit$$0000001D)
    __rt_lib_init_getenv_1                   0x000000d7   Thumb Code     0  libinit2.o(.ARM.Collect$$libinit$$00000021)
    __rt_lib_init_heap_1                     0x000000d7   Thumb Code     0  libinit2.o(.ARM.Collect$$libinit$$00000008)
    __rt_lib_init_lc_collate_1               0x000000d7   Thumb Code     0  libinit2.o(.ARM.Collect$$libinit$$0000000F)
    __rt_lib_init_lc_ctype_1                 0x000000d7   Thumb Code     0  libinit2.o(.ARM.Collect$$libinit$$00000011)
    __rt_lib_init_lc_monetary_1              0x000000d7   Thumb Code     0  libinit2.o(.ARM.Collect$$libinit$$00000013)
    __rt_lib_init_lc_numeric_1               0x000000d7   Thumb Code     0  libinit2.o(.ARM.Collect$$libinit$$00000015)
    __rt_lib_init_lc_time_1                  0x000000d7   Thumb Code     0  libinit2.o(.ARM.Collect$$libinit$$00000017)
    __rt_lib_init_rand_1                     0x000000d7   Thumb Code     0  libinit2.o(.ARM.Collect$$libinit$$0000000C)
    __rt_lib_init_return                     0x000000d7   Thumb Code     0  libinit2.o(.ARM.Collect$$libinit$$00000031)
    __rt_lib_init_signal_1                   0x000000d7   Thumb Code     0  libinit2.o(.ARM.Collect$$libinit$$0000001B)
    __rt_lib_init_stdio_1                    0x000000d7   Thumb Code     0  libinit2.o(.ARM.Collect$$libinit$$00000023)
    __rt_lib_init_user_alloc_1               0x000000d7   Thumb Code     0  libinit2.o(.ARM.Collect$$libinit$$0000000A)
    Inline ARM to Thumb Veneer to __rt_lib_shutdown 0x000000e4   ARM Code       8  libshutdown.o(.ARM.Collect$$libshutdown$$00000000)
    __rt_lib_shutdown                        0x000000ed   Thumb Code     0  libshutdown.o(.ARM.Collect$$libshutdown$$00000000)
    __rt_lib_shutdown_fp_trap_1              0x000000f1   Thumb Code     0  libshutdown2.o(.ARM.Collect$$libshutdown$$00000006)
    __rt_lib_shutdown_heap_1                 0x000000f1   Thumb Code     0  libshutdown2.o(.ARM.Collect$$libshutdown$$0000000E)
    __rt_lib_shutdown_return                 0x000000f1   Thumb Code     0  libshutdown2.o(.ARM.Collect$$libshutdown$$0000000F)
    __rt_lib_shutdown_signal_1               0x000000f1   Thumb Code     0  libshutdown2.o(.ARM.Collect$$libshutdown$$00000009)
    __rt_lib_shutdown_stdio_1                0x000000f1   Thumb Code     0  libshutdown2.o(.ARM.Collect$$libshutdown$$00000003)
    __rt_lib_shutdown_user_alloc_1           0x000000f1   Thumb Code     0  libshutdown2.o(.ARM.Collect$$libshutdown$$0000000B)
    __rt_entry                               0x000000f8   ARM Code       0  rtentry.o(.ARM.Collect$$rtentry$$00000000)
    __rt_entry_presh_1                       0x000000f8   ARM Code       0  rtentry2.o(.ARM.Collect$$rtentry$$00000002)
    __rt_entry_sh                            0x000000f8   ARM Code       0  rtentry4.o(.ARM.Collect$$rtentry$$00000004)
    __rt_entry_li                            0x00000100   ARM Code       0  rtentry2.o(.ARM.Collect$$rtentry$$0000000A)
    __rt_entry_postsh_1                      0x00000100   ARM Code       0  rtentry2.o(.ARM.Collect$$rtentry$$00000009)
    __rt_entry_main                          0x00000104   ARM Code       0  rtentry2.o(.ARM.Collect$$rtentry$$0000000D)
    __rt_entry_postli_1                      0x00000104   ARM Code       0  rtentry2.o(.ARM.Collect$$rtentry$$0000000C)
    Inline Thumb to ARM Veneer to __rt_exit  0x0000012d   Thumb Code     4  rtexit.o(.ARM.Collect$$rtexit$$00000000)
    __rt_exit                                0x00000130   ARM Code       0  rtexit.o(.ARM.Collect$$rtexit$$00000000)
    __rt_exit_ls                             0x00000134   ARM Code       0  rtexit2.o(.ARM.Collect$$rtexit$$00000003)
    __rt_exit_prels_1                        0x00000134   ARM Code       0  rtexit2.o(.ARM.Collect$$rtexit$$00000002)
    __rt_exit_exit                           0x00000138   ARM Code       0  rtexit2.o(.ARM.Collect$$rtexit$$00000004)
    __user_initial_stackheap                 0x00000140   ARM Code       0  startup.o(.text)
    timer0_delay_time_05ms                   0x00000160   ARM Code      52  main.o(.text)
    timer0_delay_time_1ms                    0x00000194   ARM Code      52  main.o(.text)
    timer_init                               0x000001c8   ARM Code      32  main.o(.text)
    main                                     0x000001e8   ARM Code    2464  main.o(.text)
    timer0_delay_time_7ms                    0x00000b88   ARM Code      52  main.o(.text)
    pll_init                                 0x00000c30   ARM Code      88  pll.o(.text)
    __use_two_region_memory                  0x00000c8d   Thumb Code     2  heapauxi.o(.text)
    __rt_heap_escrow$2region                 0x00000c8f   Thumb Code     2  heapauxi.o(.text)
    __rt_heap_expand$2region                 0x00000c91   Thumb Code     2  heapauxi.o(.text)
    __user_setup_stackheap                   0x00000c94   ARM Code      96  sys_stackheap_outer.o(.text)
    exit                                     0x00000cf5   Thumb Code    12  exit.o(.text)
    __user_libspace                          0x00000d00   ARM Code      12  libspace.o(.text)
    __user_perproc_libspace                  0x00000d00   ARM Code       0  libspace.o(.text)
    __user_perthread_libspace                0x00000d00   ARM Code       0  libspace.o(.text)
    Inline ARM to Thumb Veneer to _sys_exit  0x00000d0c   ARM Code       8  sys_exit.o(.text)
    _sys_exit                                0x00000d15   Thumb Code     8  sys_exit.o(.text)
    __I$use$semihosting                      0x00000d20   ARM Code       0  use_no_semi.o(.text)
    __use_no_semihosting_swi                 0x00000d20   ARM Code       4  use_no_semi.o(.text)
    Region$$Table$$Base                      0x00000d24   Number         0  anon$$obj.o(Region$$Table)
    __semihosting_library_function           0x00000d24   ARM Code       0  indicate_semi.o(.text)
    Region$$Table$$Limit                     0x00000d44   Number         0  anon$$obj.o(Region$$Table)
    row_val1he                               0x40000000   Data           8  main.o(.data)
    col_val1he                               0x40000008   Data           8  main.o(.data)
    row_val1hu                               0x40000010   Data          12  main.o(.data)
    col_val1hu                               0x4000001c   Data          12  main.o(.data)
    row_val1hi                               0x40000028   Data          16  main.o(.data)
    col_val1hi                               0x40000038   Data          16  main.o(.data)
    row_val1ha                               0x40000048   Data          12  main.o(.data)
    col_val1ha                               0x40000054   Data          12  main.o(.data)
    row_val1hee                              0x40000060   Data          20  main.o(.data)
    col_val1hee                              0x40000074   Data          20  main.o(.data)
    row_val1h                                0x40000088   Data          16  main.o(.data)
    col_val1h                                0x40000098   Data          16  main.o(.data)
    row_val1ho                               0x400000a8   Data          16  main.o(.data)
    col_val1ho                               0x400000b8   Data          16  main.o(.data)
    row_val2he                               0x400000c8   Data           8  main.o(.data)
    col_val2he                               0x400000d0   Data           8  main.o(.data)
    row_val2hu                               0x400000d8   Data          12  main.o(.data)
    col_val2hu                               0x400000e4   Data          12  main.o(.data)
    row_val2hi                               0x400000f0   Data          16  main.o(.data)
    col_val2hi                               0x40000100   Data          16  main.o(.data)
    row_val2ha                               0x40000110   Data          12  main.o(.data)
    col_val2ha                               0x4000011c   Data          12  main.o(.data)
    row_val2hee                              0x40000128   Data          20  main.o(.data)
    col_val2hee                              0x4000013c   Data          20  main.o(.data)
    row_val2h                                0x40000150   Data          16  main.o(.data)
    col_val2h                                0x40000160   Data          16  main.o(.data)
    row_val2ho                               0x40000170   Data          16  main.o(.data)
    col_val2ho                               0x40000180   Data          16  main.o(.data)
    row_val1le                               0x40000190   Data          12  main.o(.data)
    col_val1le                               0x4000019c   Data          12  main.o(.data)
    row_val1lu                               0x400001a8   Data          16  main.o(.data)
    col_val1lu                               0x400001b8   Data          16  main.o(.data)
    row_val1li                               0x400001c8   Data          16  main.o(.data)
    col_val1li                               0x400001d8   Data          16  main.o(.data)
    row_val1la                               0x400001e8   Data          16  main.o(.data)
    col_val1la                               0x400001f8   Data          16  main.o(.data)
    row_val1lee                              0x40000208   Data          20  main.o(.data)
    col_val1lee                              0x4000021c   Data          20  main.o(.data)
    row_val1l                                0x40000230   Data          20  main.o(.data)
    col_val1l                                0x40000244   Data          20  main.o(.data)
    row_val1lo                               0x40000258   Data          24  main.o(.data)
    col_val1lo                               0x40000270   Data          24  main.o(.data)
    row_val2le                               0x40000288   Data          12  main.o(.data)
    col_val2le                               0x40000294   Data          12  main.o(.data)
    row_val2lu                               0x400002a0   Data          16  main.o(.data)
    col_val2lu                               0x400002b0   Data          16  main.o(.data)
    row_val2li                               0x400002c0   Data          16  main.o(.data)
    col_val2li                               0x400002d0   Data          16  main.o(.data)
    row_val2la                               0x400002e0   Data          16  main.o(.data)
    col_val2la                               0x400002f0   Data          16  main.o(.data)
    row_val2lee                              0x40000300   Data          20  main.o(.data)
    col_val2lee                              0x40000314   Data          20  main.o(.data)
    row_val2l                                0x40000328   Data          20  main.o(.data)
    col_val2l                                0x4000033c   Data          20  main.o(.data)
    row_val2lo                               0x40000350   Data          24  main.o(.data)
    col_val2lo                               0x40000368   Data          24  main.o(.data)
    row_val1me                               0x40000380   Data          16  main.o(.data)
    col_val1me                               0x40000390   Data          16  main.o(.data)
    row_val2me                               0x400003a0   Data          16  main.o(.data)
    col_val2me                               0x400003b0   Data          16  main.o(.data)
    row_val1re                               0x400003c0   Data           8  main.o(.data)
    col_val1re                               0x400003c8   Data           8  main.o(.data)
    row_val1ru                               0x400003d0   Data          16  main.o(.data)
    col_val1ru                               0x400003e0   Data          16  main.o(.data)
    row_val1ri                               0x400003f0   Data          12  main.o(.data)
    col_val1ri                               0x400003fc   Data          12  main.o(.data)
    row_val1ra                               0x40000408   Data          12  main.o(.data)
    col_val1ra                               0x40000414   Data          12  main.o(.data)
    row_val1ree                              0x40000420   Data          16  main.o(.data)
    col_val1ree                              0x40000430   Data          16  main.o(.data)
    row_val1r                                0x40000440   Data          12  main.o(.data)
    col_val1r                                0x4000044c   Data          12  main.o(.data)
    row_val1ro                               0x40000458   Data          20  main.o(.data)
    col_val1ro                               0x4000046c   Data          20  main.o(.data)
    row_val2re                               0x40000480   Data           8  main.o(.data)
    col_val2re                               0x40000488   Data           8  main.o(.data)
    row_val2ru                               0x40000490   Data          16  main.o(.data)
    col_val2ru                               0x400004a0   Data          16  main.o(.data)
    row_val2ri                               0x400004b0   Data          12  main.o(.data)
    col_val2ri                               0x400004bc   Data          12  main.o(.data)
    row_val2ra                               0x400004c8   Data          12  main.o(.data)
    col_val2ra                               0x400004d4   Data          12  main.o(.data)
    row_val2ree                              0x400004e0   Data          16  main.o(.data)
    col_val2ree                              0x400004f0   Data          16  main.o(.data)
    row_val2r                                0x40000500   Data          12  main.o(.data)
    col_val2r                                0x4000050c   Data          12  main.o(.data)
    row_val2ro                               0x40000518   Data          20  main.o(.data)
    col_val2ro                               0x4000052c   Data          20  main.o(.data)
    row_val1se                               0x40000540   Data          12  main.o(.data)
    col_val1se                               0x4000054c   Data          12  main.o(.data)
    row_val1su                               0x40000558   Data          16  main.o(.data)
    col_val1su                               0x40000568   Data          16  main.o(.data)
    row_val1si                               0x40000578   Data          16  main.o(.data)
    col_val1si                               0x40000588   Data          16  main.o(.data)
    row_val1sa                               0x40000598   Data          16  main.o(.data)
    col_val1sa                               0x400005a8   Data          16  main.o(.data)
    row_val1see                              0x400005b8   Data          20  main.o(.data)
    col_val1see                              0x400005cc   Data          20  main.o(.data)
    row_val1s                                0x400005e0   Data          16  main.o(.data)
    col_val1s                                0x400005f0   Data          16  main.o(.data)
    row_val1so                               0x40000600   Data          16  main.o(.data)
    col_val1so                               0x40000610   Data          16  main.o(.data)
    row_val2se                               0x40000620   Data          12  main.o(.data)
    col_val2se                               0x4000062c   Data          12  main.o(.data)
    row_val2su                               0x40000638   Data          16  main.o(.data)
    col_val2su                               0x40000648   Data          16  main.o(.data)
    row_val2si                               0x40000658   Data          16  main.o(.data)
    col_val2si                               0x40000668   Data          16  main.o(.data)
    row_val2sa                               0x40000678   Data          16  main.o(.data)
    col_val2sa                               0x40000688   Data          16  main.o(.data)
    row_val2see                              0x40000698   Data          20  main.o(.data)
    col_val2see                              0x400006ac   Data          20  main.o(.data)
    row_val2s                                0x400006c0   Data          16  main.o(.data)
    col_val2s                                0x400006d0   Data          16  main.o(.data)
    row_val2so                               0x400006e0   Data          16  main.o(.data)
    col_val2so                               0x400006f0   Data          16  main.o(.data)
    row_val1she                              0x40000700   Data          16  main.o(.data)
    col_val1she                              0x40000710   Data          16  main.o(.data)
    row_val1shu                              0x40000720   Data          20  main.o(.data)
    col_val1shu                              0x40000734   Data          20  main.o(.data)
    row_val1shi                              0x40000748   Data          20  main.o(.data)
    col_val1shi                              0x4000075c   Data          20  main.o(.data)
    row_val1sha                              0x40000770   Data          20  main.o(.data)
    col_val1sha                              0x40000784   Data          20  main.o(.data)
    row_val1shee                             0x40000798   Data          24  main.o(.data)
    col_val1shee                             0x400007b0   Data          24  main.o(.data)
    row_val1sh                               0x400007c8   Data          20  main.o(.data)
    col_val1sh                               0x400007dc   Data          20  main.o(.data)
    row_val1sho                              0x400007f0   Data          20  main.o(.data)
    col_val1sho                              0x40000804   Data          20  main.o(.data)
    row_val2she                              0x40000818   Data          16  main.o(.data)
    col_val2she                              0x40000828   Data          16  main.o(.data)
    row_val2shu                              0x40000838   Data          20  main.o(.data)
    col_val2shu                              0x4000084c   Data          20  main.o(.data)
    row_val2shi                              0x40000860   Data          20  main.o(.data)
    col_val2shi                              0x40000874   Data          20  main.o(.data)
    row_val2sha                              0x40000888   Data          20  main.o(.data)
    col_val2sha                              0x4000089c   Data          20  main.o(.data)
    row_val2shee                             0x400008b0   Data          24  main.o(.data)
    col_val2shee                             0x400008c8   Data          24  main.o(.data)
    row_val2sh                               0x400008e0   Data          20  main.o(.data)
    col_val2sh                               0x400008f4   Data          20  main.o(.data)
    row_val2sho                              0x40000908   Data          20  main.o(.data)
    col_val2sho                              0x4000091c   Data          20  main.o(.data)
    row_val1qe                               0x40000930   Data          12  main.o(.data)
    col_val1qe                               0x4000093c   Data          12  main.o(.data)
    row_val1qu                               0x40000948   Data          16  main.o(.data)
    col_val1qu                               0x40000958   Data          16  main.o(.data)
    row_val1qi                               0x40000968   Data          16  main.o(.data)
    col_val1qi                               0x40000978   Data          16  main.o(.data)
    row_val1qa                               0x40000988   Data          20  main.o(.data)
    col_val1qa                               0x4000099c   Data          20  main.o(.data)
    row_val1qee                              0x400009b0   Data          20  main.o(.data)
    col_val1qee                              0x400009c4   Data          20  main.o(.data)
    row_val2qe                               0x400009d8   Data          12  main.o(.data)
    col_val2qe                               0x400009e4   Data          12  main.o(.data)
    row_val2qu                               0x400009f0   Data          16  main.o(.data)
    col_val2qu                               0x40000a00   Data          16  main.o(.data)
    row_val2qi                               0x40000a10   Data          16  main.o(.data)
    col_val2qi                               0x40000a20   Data          16  main.o(.data)
    row_val2qa                               0x40000a30   Data          20  main.o(.data)
    col_val2qa                               0x40000a44   Data          20  main.o(.data)
    row_val2qee                              0x40000a58   Data          20  main.o(.data)
    col_val2qee                              0x40000a6c   Data          20  main.o(.data)
    row_val1be                               0x40000a80   Data           8  main.o(.data)
    col_val1be                               0x40000a88   Data           8  main.o(.data)
    row_val1bu                               0x40000a90   Data          12  main.o(.data)
    col_val1bu                               0x40000a9c   Data          12  main.o(.data)
    row_val1bi                               0x40000aa8   Data          12  main.o(.data)
    col_val1bi                               0x40000ab4   Data          12  main.o(.data)
    row_val1ba                               0x40000ac0   Data          12  main.o(.data)
    col_val1ba                               0x40000acc   Data          12  main.o(.data)
    row_val1bee                              0x40000ad8   Data          16  main.o(.data)
    col_val1bee                              0x40000ae8   Data          16  main.o(.data)
    row_val1b                                0x40000af8   Data          16  main.o(.data)
    col_val1b                                0x40000b08   Data          16  main.o(.data)
    row_val1bo                               0x40000b18   Data          12  main.o(.data)
    col_val1bo                               0x40000b24   Data          12  main.o(.data)
    row_val2be                               0x40000b30   Data           8  main.o(.data)
    col_val2be                               0x40000b38   Data           8  main.o(.data)
    row_val2bu                               0x40000b40   Data          12  main.o(.data)
    col_val2bu                               0x40000b4c   Data          12  main.o(.data)
    row_val2bi                               0x40000b58   Data          12  main.o(.data)
    col_val2bi                               0x40000b64   Data          12  main.o(.data)
    row_val2ba                               0x40000b70   Data          12  main.o(.data)
    col_val2ba                               0x40000b7c   Data          12  main.o(.data)
    row_val2bee                              0x40000b88   Data          16  main.o(.data)
    col_val2bee                              0x40000b98   Data          16  main.o(.data)
    row_val2b                                0x40000ba8   Data          16  main.o(.data)
    col_val2b                                0x40000bb8   Data          16  main.o(.data)
    row_val2bo                               0x40000bc8   Data          12  main.o(.data)
    col_val2bo                               0x40000bd4   Data          12  main.o(.data)
    row_val1te                               0x40000be0   Data           8  main.o(.data)
    col_val1te                               0x40000be8   Data           8  main.o(.data)
    row_val1tu                               0x40000bf0   Data          12  main.o(.data)
    col_val1tu                               0x40000bfc   Data          12  main.o(.data)
    row_val1ti                               0x40000c08   Data          12  main.o(.data)
    col_val1ti                               0x40000c14   Data          12  main.o(.data)
    row_val1ta                               0x40000c20   Data          16  main.o(.data)
    col_val1ta                               0x40000c30   Data          16  main.o(.data)
    row_val1tee                              0x40000c40   Data          16  main.o(.data)
    col_val1tee                              0x40000c50   Data          16  main.o(.data)
    row_val1t                                0x40000c60   Data          16  main.o(.data)
    col_val1t                                0x40000c70   Data          16  main.o(.data)
    row_val1to                               0x40000c80   Data          16  main.o(.data)
    col_val1to                               0x40000c90   Data          16  main.o(.data)
    row_val2te                               0x40000ca0   Data           8  main.o(.data)
    col_val2te                               0x40000ca8   Data           8  main.o(.data)
    row_val2tu                               0x40000cb0   Data          12  main.o(.data)
    col_val2tu                               0x40000cbc   Data          12  main.o(.data)
    row_val2ti                               0x40000cc8   Data          12  main.o(.data)
    col_val2ti                               0x40000cd4   Data          12  main.o(.data)
    row_val2ta                               0x40000ce0   Data          16  main.o(.data)
    col_val2ta                               0x40000cf0   Data          16  main.o(.data)
    row_val2tee                              0x40000d00   Data          16  main.o(.data)
    col_val2tee                              0x40000d10   Data          16  main.o(.data)
    row_val2t                                0x40000d20   Data          16  main.o(.data)
    col_val2t                                0x40000d30   Data          16  main.o(.data)
    row_val2to                               0x40000d40   Data          16  main.o(.data)
    col_val2to                               0x40000d50   Data          16  main.o(.data)
    row_val1che                              0x40000d60   Data          12  main.o(.data)
    col_val1che                              0x40000d6c   Data          12  main.o(.data)
    row_val1chu                              0x40000d78   Data          16  main.o(.data)
    col_val1chu                              0x40000d88   Data          16  main.o(.data)
    row_val1chi                              0x40000d98   Data          16  main.o(.data)
    col_val1chi                              0x40000da8   Data          16  main.o(.data)
    row_val1cha                              0x40000db8   Data          20  main.o(.data)
    col_val1cha                              0x40000dcc   Data          20  main.o(.data)
    row_val1chee                             0x40000de0   Data          20  main.o(.data)
    col_val1chee                             0x40000df4   Data          20  main.o(.data)
    row_val1ch                               0x40000e08   Data          20  main.o(.data)
    col_val1ch                               0x40000e1c   Data          20  main.o(.data)
    row_val2che                              0x40000e30   Data          12  main.o(.data)
    col_val2che                              0x40000e3c   Data          12  main.o(.data)
    row_val2chu                              0x40000e48   Data          16  main.o(.data)
    col_val2chu                              0x40000e58   Data          16  main.o(.data)
    row_val2chi                              0x40000e68   Data          16  main.o(.data)
    col_val2chi                              0x40000e78   Data          16  main.o(.data)
    row_val2cha                              0x40000e88   Data          20  main.o(.data)
    col_val2cha                              0x40000e9c   Data          20  main.o(.data)
    row_val2chee                             0x40000eb0   Data          20  main.o(.data)
    col_val2chee                             0x40000ec4   Data          20  main.o(.data)
    row_val2ch                               0x40000ed8   Data          20  main.o(.data)
    col_val2ch                               0x40000eec   Data          20  main.o(.data)
    row_val1ze                               0x40000f00   Data           8  main.o(.data)
    col_val1ze                               0x40000f08   Data           8  main.o(.data)
    row_val2ze                               0x40000f10   Data           8  main.o(.data)
    col_val2ze                               0x40000f18   Data           8  main.o(.data)
    row_val1zu                               0x40000f20   Data           8  main.o(.data)
    col_val1zu                               0x40000f28   Data           8  main.o(.data)
    row_val2zu                               0x40000f30   Data           8  main.o(.data)
    col_val2zu                               0x40000f38   Data           8  main.o(.data)
    row_val1zi                               0x40000f40   Data          12  main.o(.data)
    col_val1zi                               0x40000f4c   Data          12  main.o(.data)
    row_val2zi                               0x40000f58   Data          12  main.o(.data)
    col_val2zi                               0x40000f64   Data          12  main.o(.data)
    row_val1za                               0x40000f70   Data          12  main.o(.data)
    col_val1za                               0x40000f7c   Data          12  main.o(.data)
    row_val2za                               0x40000f88   Data          12  main.o(.data)
    col_val2za                               0x40000f94   Data          12  main.o(.data)
    row_val1zee                              0x40000fa0   Data          16  main.o(.data)
    col_val1zee                              0x40000fb0   Data          16  main.o(.data)
    row_val2zee                              0x40000fc0   Data          16  main.o(.data)
    col_val2zee                              0x40000fd0   Data          16  main.o(.data)
    row_val1z                                0x40000fe0   Data          12  main.o(.data)
    col_val1z                                0x40000fec   Data          12  main.o(.data)
    row_val2z                                0x40000ff8   Data          12  main.o(.data)
    col_val2z                                0x40001004   Data          12  main.o(.data)
    row_val1zo                               0x40001010   Data          12  main.o(.data)
    col_val1zo                               0x4000101c   Data          12  main.o(.data)
    row_val2zo                               0x40001028   Data          12  main.o(.data)
    col_val2zo                               0x40001034   Data          12  main.o(.data)
    row_val1ge                               0x40001040   Data           8  main.o(.data)
    col_val1ge                               0x40001048   Data           8  main.o(.data)
    row_val2ge                               0x40001050   Data           8  main.o(.data)
    col_val2ge                               0x40001058   Data           8  main.o(.data)
    row_val1gu                               0x40001060   Data          12  main.o(.data)
    col_val1gu                               0x4000106c   Data          12  main.o(.data)
    row_val2gu                               0x40001078   Data          12  main.o(.data)
    col_val2gu                               0x40001084   Data          12  main.o(.data)
    row_val1gi                               0x40001090   Data          12  main.o(.data)
    col_val1gi                               0x4000109c   Data          12  main.o(.data)
    row_val2gi                               0x400010a8   Data          12  main.o(.data)
    col_val2gi                               0x400010b4   Data          12  main.o(.data)
    row_val1ga                               0x400010c0   Data          12  main.o(.data)
    col_val1ga                               0x400010cc   Data          12  main.o(.data)
    row_val2ga                               0x400010d8   Data          12  main.o(.data)
    col_val2ga                               0x400010e4   Data          12  main.o(.data)
    row_val1gee                              0x400010f0   Data          16  main.o(.data)
    col_val1gee                              0x40001100   Data          16  main.o(.data)
    row_val2gee                              0x40001110   Data          16  main.o(.data)
    col_val2gee                              0x40001120   Data          16  main.o(.data)
    row_val1g                                0x40001130   Data          16  main.o(.data)
    col_val1g                                0x40001140   Data          16  main.o(.data)
    row_val2g                                0x40001150   Data          16  main.o(.data)
    col_val2g                                0x40001160   Data          16  main.o(.data)
    row_val1go                               0x40001170   Data          12  main.o(.data)
    col_val1go                               0x4000117c   Data          12  main.o(.data)
    row_val2go                               0x40001188   Data          12  main.o(.data)
    col_val2go                               0x40001194   Data          12  main.o(.data)
    row_val1tte                              0x400011a0   Data           8  main.o(.data)
    col_val1tte                              0x400011a8   Data           8  main.o(.data)
    row_val2tte                              0x400011b0   Data           8  main.o(.data)
    col_val2tte                              0x400011b8   Data           8  main.o(.data)
    row_val1ttu                              0x400011c0   Data          12  main.o(.data)
    col_val1ttu                              0x400011cc   Data          12  main.o(.data)
    row_val2ttu                              0x400011d8   Data          12  main.o(.data)
    col_val2ttu                              0x400011e4   Data          12  main.o(.data)
    row_val1tti                              0x400011f0   Data          12  main.o(.data)
    col_val1tti                              0x400011fc   Data          12  main.o(.data)
    row_val2tti                              0x40001208   Data          12  main.o(.data)
    col_val2tti                              0x40001214   Data          12  main.o(.data)
    row_val1tta                              0x40001220   Data          12  main.o(.data)
    col_val1tta                              0x4000122c   Data          12  main.o(.data)
    row_val2tta                              0x40001238   Data          12  main.o(.data)
    col_val2tta                              0x40001244   Data          12  main.o(.data)
    row_val1ttee                             0x40001250   Data          16  main.o(.data)
    col_val1ttee                             0x40001260   Data          16  main.o(.data)
    row_val2ttee                             0x40001270   Data          16  main.o(.data)
    col_val2ttee                             0x40001280   Data          16  main.o(.data)
    row_val1tt                               0x40001290   Data          16  main.o(.data)
    col_val1tt                               0x400012a0   Data          16  main.o(.data)
    row_val2tt                               0x400012b0   Data          16  main.o(.data)
    col_val2tt                               0x400012c0   Data          16  main.o(.data)
    row_val1tto                              0x400012d0   Data          12  main.o(.data)
    col_val1tto                              0x400012dc   Data          12  main.o(.data)
    row_val2tto                              0x400012e8   Data          12  main.o(.data)
    col_val2tto                              0x400012f4   Data          12  main.o(.data)
    row_val1ye                               0x40001300   Data          12  main.o(.data)
    col_val1ye                               0x4000130c   Data          12  main.o(.data)
    row_val2ye                               0x40001318   Data          12  main.o(.data)
    col_val2ye                               0x40001324   Data          12  main.o(.data)
    row_val1yu                               0x40001330   Data          12  main.o(.data)
    col_val1yu                               0x4000133c   Data          12  main.o(.data)
    row_val2yu                               0x40001348   Data          12  main.o(.data)
    col_val2yu                               0x40001354   Data          12  main.o(.data)
    row_val1yi                               0x40001360   Data          16  main.o(.data)
    col_val1yi                               0x40001370   Data          16  main.o(.data)
    row_val2yi                               0x40001380   Data          16  main.o(.data)
    col_val2yi                               0x40001390   Data          16  main.o(.data)
    row_val1ya                               0x400013a0   Data          16  main.o(.data)
    col_val1ya                               0x400013b0   Data          16  main.o(.data)
    row_val2ya                               0x400013c0   Data          16  main.o(.data)
    col_val2ya                               0x400013d0   Data          16  main.o(.data)
    row_val1yee                              0x400013e0   Data          12  main.o(.data)
    col_val1yee                              0x400013ec   Data          12  main.o(.data)
    row_val2yee                              0x400013f8   Data          12  main.o(.data)
    col_val2yee                              0x40001404   Data          12  main.o(.data)
    row_val1yo                               0x40001410   Data          16  main.o(.data)
    col_val1yo                               0x40001420   Data          16  main.o(.data)
    row_val2yo                               0x40001430   Data          16  main.o(.data)
    col_val2yo                               0x40001440   Data          16  main.o(.data)
    row_val1de                               0x40001450   Data          20  main.o(.data)
    col_val1de                               0x40001464   Data          20  main.o(.data)
    row_val2de                               0x40001478   Data          20  main.o(.data)
    col_val2de                               0x4000148c   Data          20  main.o(.data)
    row_val1du                               0x400014a0   Data          24  main.o(.data)
    col_val1du                               0x400014b8   Data          24  main.o(.data)
    row_val2du                               0x400014d0   Data          24  main.o(.data)
    col_val2du                               0x400014e8   Data          24  main.o(.data)
    row_val1di                               0x40001500   Data          24  main.o(.data)
    col_val1di                               0x40001518   Data          24  main.o(.data)
    row_val2di                               0x40001530   Data          24  main.o(.data)
    col_val2di                               0x40001548   Data          24  main.o(.data)
    row_val1da                               0x40001560   Data          24  main.o(.data)
    col_val1da                               0x40001578   Data          24  main.o(.data)
    row_val2da                               0x40001590   Data          24  main.o(.data)
    col_val2da                               0x400015a8   Data          24  main.o(.data)
    row_val1dee                              0x400015c0   Data          28  main.o(.data)
    col_val1dee                              0x400015dc   Data          28  main.o(.data)
    row_val2dee                              0x400015f8   Data          28  main.o(.data)
    col_val2dee                              0x40001614   Data          28  main.o(.data)
    row_val1d                                0x40001630   Data          24  main.o(.data)
    col_val1d                                0x40001648   Data          24  main.o(.data)
    row_val2d                                0x40001660   Data          24  main.o(.data)
    col_val2d                                0x40001678   Data          24  main.o(.data)
    row_val1do                               0x40001690   Data          24  main.o(.data)
    col_val1do                               0x400016a8   Data          24  main.o(.data)
    row_val2do                               0x400016c0   Data          24  main.o(.data)
    col_val2do                               0x400016d8   Data          24  main.o(.data)
    row_val1je                               0x400016f0   Data          24  main.o(.data)
    col_val1je                               0x40001708   Data          24  main.o(.data)
    row_val2je                               0x40001720   Data          24  main.o(.data)
    col_val2je                               0x40001738   Data          24  main.o(.data)
    row_val1ju                               0x40001750   Data          28  main.o(.data)
    col_val1ju                               0x4000176c   Data          28  main.o(.data)
    row_val2ju                               0x40001788   Data          28  main.o(.data)
    col_val2ju                               0x400017a4   Data          28  main.o(.data)
    row_val1ji                               0x400017c0   Data          28  main.o(.data)
    col_val1ji                               0x400017dc   Data          28  main.o(.data)
    row_val2ji                               0x400017f8   Data          28  main.o(.data)
    col_val2ji                               0x40001814   Data          28  main.o(.data)
    row_val1ja                               0x40001830   Data          28  main.o(.data)
    col_val1ja                               0x4000184c   Data          28  main.o(.data)
    row_val2ja                               0x40001868   Data          28  main.o(.data)
    col_val2ja                               0x40001884   Data          28  main.o(.data)
    row_val1jee                              0x400018a0   Data          32  main.o(.data)
    col_val1jee                              0x400018c0   Data          32  main.o(.data)
    row_val2jee                              0x400018e0   Data          32  main.o(.data)
    col_val2jee                              0x40001900   Data          32  main.o(.data)
    row_val1j                                0x40001920   Data          28  main.o(.data)
    col_val1j                                0x4000193c   Data          28  main.o(.data)
    row_val2j                                0x40001958   Data          28  main.o(.data)
    col_val2j                                0x40001974   Data          28  main.o(.data)
    row_val1jo                               0x40001990   Data          28  main.o(.data)
    col_val1jo                               0x400019ac   Data          28  main.o(.data)
    row_val2jo                               0x400019c8   Data          28  main.o(.data)
    col_val2jo                               0x400019e4   Data          28  main.o(.data)
    row_val2na                               0x40001a00   Data          16  main.o(.data)
    col_val2na                               0x40001a10   Data          16  main.o(.data)
    row_val1ne                               0x40001a20   Data          12  main.o(.data)
    col_val1ne                               0x40001a2c   Data          12  main.o(.data)
    row_val2ne                               0x40001a38   Data          12  main.o(.data)
    col_val2ne                               0x40001a44   Data          12  main.o(.data)
    row_val1nu                               0x40001a50   Data          16  main.o(.data)
    col_val1nu                               0x40001a60   Data          16  main.o(.data)
    row_val1ni                               0x40001a70   Data          16  main.o(.data)
    col_val1ni                               0x40001a80   Data          16  main.o(.data)
    row_val1na                               0x40001a90   Data          16  main.o(.data)
    col_val1na                               0x40001aa0   Data          16  main.o(.data)
    row_val1nee                              0x40001ab0   Data          20  main.o(.data)
    col_val1nee                              0x40001ac4   Data          20  main.o(.data)
    row_val1nii                              0x40001ad8   Data          16  main.o(.data)
    col_val1nii                              0x40001ae8   Data          16  main.o(.data)
    row_val1no                               0x40001af8   Data          24  main.o(.data)
    col_val1no                               0x40001b10   Data          24  main.o(.data)
    row_val1gne                              0x40001b28   Data          16  main.o(.data)
    col_val1gne                              0x40001b38   Data          16  main.o(.data)
    row_val1gnu                              0x40001b48   Data          20  main.o(.data)
    col_val1gnu                              0x40001b5c   Data          20  main.o(.data)
    row_val1gni                              0x40001b70   Data          20  main.o(.data)
    col_val1gni                              0x40001b84   Data          20  main.o(.data)
    row_val1gna                              0x40001b98   Data          24  main.o(.data)
    col_val1gna                              0x40001bb0   Data          24  main.o(.data)
    row_val1gnee                             0x40001bc8   Data          24  main.o(.data)
    col_val1gnee                             0x40001be0   Data          24  main.o(.data)
    row_val1gnii                             0x40001bf8   Data          24  main.o(.data)
    col_val1gnii                             0x40001c10   Data          24  main.o(.data)
    row_val1gno                              0x40001c28   Data          28  main.o(.data)
    col_val1gno                              0x40001c44   Data          28  main.o(.data)
    row_val1a                                0x40001c60   Data          20  main.o(.data)
    col_val1a                                0x40001c74   Data          20  main.o(.data)
    row_val2a                                0x40001c88   Data          20  main.o(.data)
    col_val2a                                0x40001c9c   Data          20  main.o(.data)
    row_val1u                                0x40001cb0   Data          24  main.o(.data)
    col_val1u                                0x40001cc8   Data          24  main.o(.data)
    row_val1i                                0x40001ce0   Data          24  main.o(.data)
    col_val1i                                0x40001cf8   Data          24  main.o(.data)
    row_val1aa                               0x40001d10   Data          20  main.o(.data)
    col_val1aa                               0x40001d24   Data          20  main.o(.data)
    row_val1e                                0x40001d38   Data          32  main.o(.data)
    col_val1e                                0x40001d58   Data          32  main.o(.data)
    row_val1ee                               0x40001d78   Data          24  main.o(.data)
    col_valee                                0x40001d90   Data          24  main.o(.data)
    row_val1o                                0x40001da8   Data          20  main.o(.data)
    col_val1o                                0x40001dbc   Data          20  main.o(.data)
    row_val1ke                               0x40001dd0   Data          12  main.o(.data)
    col_val1ke                               0x40001ddc   Data          12  main.o(.data)
    row_val1ku                               0x40001de8   Data          16  main.o(.data)
    col_val1ku                               0x40001df8   Data          16  main.o(.data)
    row_val1ki                               0x40001e08   Data          16  main.o(.data)
    col_val1ki                               0x40001e18   Data          16  main.o(.data)
    row_val1ka                               0x40001e28   Data          16  main.o(.data)
    col_val1ka                               0x40001e38   Data          16  main.o(.data)
    row_val1kee                              0x40001e48   Data          24  main.o(.data)
    col_val1kee                              0x40001e60   Data          24  main.o(.data)
    row_val1kii                              0x40001e78   Data          16  main.o(.data)
    col_val1kii                              0x40001e88   Data          16  main.o(.data)
    row_val1ko                               0x40001e98   Data          16  main.o(.data)
    col_val1ko                               0x40001ea8   Data          16  main.o(.data)
    row_val1we                               0x40001eb8   Data           8  main.o(.data)
    col_val1we                               0x40001ec0   Data           8  main.o(.data)
    row_val1wu                               0x40001ec8   Data          12  main.o(.data)
    col_val1wu                               0x40001ed4   Data          12  main.o(.data)
    row_val1wi                               0x40001ee0   Data          16  main.o(.data)
    col_val1wi                               0x40001ef0   Data          16  main.o(.data)
    row_val1wa                               0x40001f00   Data          12  main.o(.data)
    col_val1wa                               0x40001f0c   Data          12  main.o(.data)
    row_val1wee                              0x40001f18   Data          20  main.o(.data)
    col_val1wee                              0x40001f2c   Data          20  main.o(.data)
    row_val1wo                               0x40001f40   Data          16  main.o(.data)
    col_val1wo                               0x40001f50   Data          16  main.o(.data)
    row_val1Scrlsi                           0x40001f60   Data          16  main.o(.data)
    col_val1Scrlsi                           0x40001f70   Data          16  main.o(.data)
    te1                                      0x40001f80   Data          16  main.o(.data)
    be1                                      0x40001f90   Data          16  main.o(.data)
    c                                        0x40001fa0   Data           4  main.o(.data)
    j                                        0x40001fa4   Data           4  main.o(.data)
    __libspace_start                         0x40001fa8   Data          96  libspace.o(.bss)
    __temporary_stack_top$libspace           0x40002008   Data           0  libspace.o(.bss)



==============================================================================

Memory Map of the image

  Image Entry point : 0x00000000

  Load Region LR_1 (Base: 0x00000000, Size: 0x00002cec, Max: 0xffffffff, ABSOLUTE, COMPRESSED[0x0000132c])

    Execution Region ER_RO (Base: 0x00000000, Size: 0x00000d44, Max: 0xffffffff, ABSOLUTE)

    Base Addr    Size         Type   Attr      Idx    E Section Name        Object

    0x00000000   0x00000008   Code   RO           46  * !!!main             c_t.l(__main.o)
    0x00000008   0x0000003c   Code   RO          204    !!!scatter          c_t.l(__scatter.o)
    0x00000044   0x0000005c   Code   RO          202    !!dczerorl2         c_t.l(__dczerorl2.o)
    0x000000a0   0x0000002c   Code   RO          206    !!handler_zi        c_t.l(__scatter_zi.o)
    0x000000cc   0x00000008   Ven    RO           73    .ARM.Collect$$libinit$$00000000  c_t.l(libinit.o)
    0x000000d4   0x00000002   Code   RO           73    .ARM.Collect$$libinit$$00000000  c_t.l(libinit.o)
    0x000000d6   0x00000000   Code   RO           80    .ARM.Collect$$libinit$$00000002  c_t.l(libinit2.o)
    0x000000d6   0x00000000   Code   RO           83    .ARM.Collect$$libinit$$00000008  c_t.l(libinit2.o)
    0x000000d6   0x00000000   Code   RO           85    .ARM.Collect$$libinit$$0000000A  c_t.l(libinit2.o)
    0x000000d6   0x00000000   Code   RO           87    .ARM.Collect$$libinit$$0000000C  c_t.l(libinit2.o)
    0x000000d6   0x00000000   Code   RO           90    .ARM.Collect$$libinit$$0000000F  c_t.l(libinit2.o)
    0x000000d6   0x00000000   Code   RO           92    .ARM.Collect$$libinit$$00000011  c_t.l(libinit2.o)
    0x000000d6   0x00000000   Code   RO           94    .ARM.Collect$$libinit$$00000013  c_t.l(libinit2.o)
    0x000000d6   0x00000000   Code   RO           96    .ARM.Collect$$libinit$$00000015  c_t.l(libinit2.o)
    0x000000d6   0x00000000   Code   RO           98    .ARM.Collect$$libinit$$00000017  c_t.l(libinit2.o)
    0x000000d6   0x00000000   Code   RO          100    .ARM.Collect$$libinit$$00000019  c_t.l(libinit2.o)
    0x000000d6   0x00000000   Code   RO          102    .ARM.Collect$$libinit$$0000001B  c_t.l(libinit2.o)
    0x000000d6   0x00000000   Code   RO          104    .ARM.Collect$$libinit$$0000001D  c_t.l(libinit2.o)
    0x000000d6   0x00000000   Code   RO          106    .ARM.Collect$$libinit$$0000001F  c_t.l(libinit2.o)
    0x000000d6   0x00000000   Code   RO          108    .ARM.Collect$$libinit$$00000021  c_t.l(libinit2.o)
    0x000000d6   0x00000000   Code   RO          110    .ARM.Collect$$libinit$$00000023  c_t.l(libinit2.o)
    0x000000d6   0x00000000   Code   RO          114    .ARM.Collect$$libinit$$0000002A  c_t.l(libinit2.o)
    0x000000d6   0x00000000   Code   RO          116    .ARM.Collect$$libinit$$0000002C  c_t.l(libinit2.o)
    0x000000d6   0x00000000   Code   RO          118    .ARM.Collect$$libinit$$0000002E  c_t.l(libinit2.o)
    0x000000d6   0x00000000   Code   RO          120    .ARM.Collect$$libinit$$00000030  c_t.l(libinit2.o)
    0x000000d6   0x0000000c   Code   RO          121    .ARM.Collect$$libinit$$00000031  c_t.l(libinit2.o)
    0x000000e2   0x00000002   PAD
    0x000000e4   0x00000008   Ven    RO          141    .ARM.Collect$$libshutdown$$00000000  c_t.l(libshutdown.o)
    0x000000ec   0x00000004   Code   RO          141    .ARM.Collect$$libshutdown$$00000000  c_t.l(libshutdown.o)
    0x000000f0   0x00000000   Code   RO          155    .ARM.Collect$$libshutdown$$00000003  c_t.l(libshutdown2.o)
    0x000000f0   0x00000000   Code   RO          158    .ARM.Collect$$libshutdown$$00000006  c_t.l(libshutdown2.o)
    0x000000f0   0x00000000   Code   RO          161    .ARM.Collect$$libshutdown$$00000009  c_t.l(libshutdown2.o)
    0x000000f0   0x00000000   Code   RO          163    .ARM.Collect$$libshutdown$$0000000B  c_t.l(libshutdown2.o)
    0x000000f0   0x00000000   Code   RO          166    .ARM.Collect$$libshutdown$$0000000E  c_t.l(libshutdown2.o)
    0x000000f0   0x00000006   Code   RO          167    .ARM.Collect$$libshutdown$$0000000F  c_t.l(libshutdown2.o)
    0x000000f6   0x00000002   PAD
    0x000000f8   0x00000000   Code   RO           48    .ARM.Collect$$rtentry$$00000000  c_t.l(rtentry.o)
    0x000000f8   0x00000000   Code   RO           50    .ARM.Collect$$rtentry$$00000002  c_t.l(rtentry2.o)
    0x000000f8   0x00000008   Code   RO           62    .ARM.Collect$$rtentry$$00000004  c_t.l(rtentry4.o)
    0x00000100   0x00000000   Code   RO           52    .ARM.Collect$$rtentry$$00000009  c_t.l(rtentry2.o)
    0x00000100   0x00000004   Code   RO           53    .ARM.Collect$$rtentry$$0000000A  c_t.l(rtentry2.o)
    0x00000104   0x00000000   Code   RO           55    .ARM.Collect$$rtentry$$0000000C  c_t.l(rtentry2.o)
    0x00000104   0x00000028   Code   RO           56    .ARM.Collect$$rtentry$$0000000D  c_t.l(rtentry2.o)
    0x0000012c   0x00000004   Ven    RO           77    .ARM.Collect$$rtexit$$00000000  c_t.l(rtexit.o)
    0x00000130   0x00000004   Code   RO           77    .ARM.Collect$$rtexit$$00000000  c_t.l(rtexit.o)
    0x00000134   0x00000000   Code   RO          123    .ARM.Collect$$rtexit$$00000002  c_t.l(rtexit2.o)
    0x00000134   0x00000004   Code   RO          124    .ARM.Collect$$rtexit$$00000003  c_t.l(rtexit2.o)
    0x00000138   0x00000008   Code   RO          125    .ARM.Collect$$rtexit$$00000004  c_t.l(rtexit2.o)
    0x00000140   0x00000020   Code   RO            4    .text               startup.o
    0x00000160   0x00000ad0   Code   RO           11    .text               main.o
    0x00000c30   0x0000005c   Code   RO           30    .text               pll.o
    0x00000c8c   0x00000006   Code   RO           44    .text               c_t.l(heapauxi.o)
    0x00000c92   0x00000002   PAD
    0x00000c94   0x00000060   Code   RO           64    .text               c_t.l(sys_stackheap_outer.o)
    0x00000cf4   0x0000000c   Code   RO           66    .text               c_t.l(exit.o)
    0x00000d00   0x0000000c   Code   RO           74    .text               c_t.l(libspace.o)
    0x00000d0c   0x00000008   Ven    RO          133    .text               c_t.l(sys_exit.o)
    0x00000d14   0x0000000c   Code   RO          133    .text               c_t.l(sys_exit.o)
    0x00000d20   0x00000004   Code   RO          144    .text               c_t.l(use_no_semi.o)
    0x00000d24   0x00000000   Code   RO          146    .text               c_t.l(indicate_semi.o)
    0x00000d24   0x00000020   Data   RO          200    Region$$Table       anon$$obj.o


    Execution Region ER_RW (Base: 0x40000000, Size: 0x00001fa8, Max: 0xffffffff, ABSOLUTE, COMPRESSED[0x000005e8])

    Base Addr    Size         Type   Attr      Idx    E Section Name        Object

    0x40000000   0x00001fa8   Data   RW           12    .data               main.o


    Execution Region ER_ZI (Base: 0x40001fa8, Size: 0x000004e8, Max: 0xffffffff, ABSOLUTE)

    Base Addr    Size         Type   Attr      Idx    E Section Name        Object

    0x40001fa8   0x00000060   Zero   RW           75    .bss                c_t.l(libspace.o)
    0x40002008   0x00000000   Zero   RW            2    HEAP                startup.o
    0x40002008   0x00000488   Zero   RW            1    STACK               startup.o


==============================================================================

Image component sizes


      Code (inc. data)   RO Data    RW Data    ZI Data      Debug   Object Name

      2768        116          0       8104          0      28070   main.o
        92          4          0          0          0        471   pll.o
        32         12          0          0       1160        320   startup.o

    ----------------------------------------------------------------------
      2892        132         32       8104       1160      28861   Object Totals
         0          0         32          0          0          0   (incl. Generated)
         0          0          0          0          0          0   (incl. Padding)

    ----------------------------------------------------------------------

      Code (inc. data)   RO Data    RW Data    ZI Data      Debug   Library Member Name

        92          0          0          0          0          0   __dczerorl2.o
         8          0          0          0          0         68   __main.o
        60          8          0          0          0          0   __scatter.o
        44          0          0          0          0          0   __scatter_zi.o
        12          0          0          0          0         64   exit.o
         6          0          0          0          0        136   heapauxi.o
         0          0          0          0          0          0   indicate_semi.o
        10          0          0          0          0          0   libinit.o
        12          0          0          0          0          0   libinit2.o
        12          0          0          0          0          0   libshutdown.o
         6          0          0          0          0          0   libshutdown2.o
        12          4          0          0         96         68   libspace.o
         0          0          0          0          0          0   rtentry.o
        44          4          0          0          0          0   rtentry2.o
         8          0          0          0          0          0   rtentry4.o
         8          0          0          0          0          0   rtexit.o
        12          0          0          0          0          0   rtexit2.o
        20          4          0          0          0         60   sys_exit.o
        96          0          0          0          0         80   sys_stackheap_outer.o
         4          0          0          0          0         68   use_no_semi.o

    ----------------------------------------------------------------------
       472         20          0          0         96        544   Library Totals
         6          0          0          0          0          0   (incl. Padding)

    ----------------------------------------------------------------------

      Code (inc. data)   RO Data    RW Data    ZI Data      Debug   Library Name

       466         20          0          0         96        544   c_t.l

    ----------------------------------------------------------------------
       472         20          0          0         96        544   Library Totals

    ----------------------------------------------------------------------

==============================================================================


      Code (inc. data)   RO Data    RW Data    ZI Data      Debug   

      3364        152         32       8104       1256      29109   Grand Totals
      3364        152         32       1512       1256      29109   ELF Image Totals (compressed)
      3364        152         32       1512          0          0   ROM Totals

==============================================================================

    Total RO  Size (Code + RO Data)                 3396 (   3.32kB)
    Total RW  Size (RW Data + ZI Data)              9360 (   9.14kB)
    Total ROM Size (Code + RO Data + RW Data)       4908 (   4.79kB)

==============================================================================

